  de skip "&nbsp;": MyMemory returned source text
  de skip "0 MB": MyMemory returned source text
  de skip "<p>": MyMemory returned source text
  de skip "[assign_teacher]": MyMemory returned source text
  de skip "56 Main Street, Suite 3, Brooklyn, NY 11210-0000": MyMemory returned source text
  de skip "AB-": MyMemory returned source text
  de skip "A-": MyMemory returned source text
  de skip "A+": MyMemory returned source text
  de skip "AB+": MyMemory returned source text
  de skip "Admin": MyMemory returned source text
  de skip "AfricasTalking": MyMemory returned source text
  de skip "Alumni": MyMemory returned source text
  de skip "April": MyMemory returned source text
  de skip "Arial": MyMemory returned source text
  de skip "August": MyMemory returned source text
  de skip "AWS SES": MyMemory returned source text
  de skip "B-": MyMemory returned source text
  de skip "B+": MyMemory returned source text
  de skip "Billplz": MyMemory returned source text
  de skip "Blockquote": MyMemory returned source text
  de skip "Browser": MyMemory returned source text
  de skip "Caroline Thomas": MyMemory returned source text
  de skip "CCAvenue": MyMemory returned source text
  de skip "CBSE Single Term Report Card (August 2026)": MyMemory returned source text
  de skip "col-md-": MyMemory returned source text
  de skip "David": MyMemory returned source text
  de skip "document.documentElement.classList.add('sidebar-na": MyMemory returned source text
  de skip "document.documentElement.setAttribute('data-restri": MyMemory returned source text
  de skip "document.documentElement.setAttribute('data-role-s": MyMemory returned source text
  de skip "Edward Thomas": MyMemory returned source text
  de skip "Excel": MyMemory returned source text
  de skip "Filter": MyMemory returned source text
  de skip "Format": MyMemory returned source text
  de skip "G1": MyMemory returned source text
  de skip "Google Analytics": MyMemory returned source text
  de skip "Google Plus": MyMemory returned source text
  de skip "Horizontal": MyMemory returned source text
  de skip "Hostname": MyMemory returned source text
  de skip "Info": MyMemory returned source text
  de skip "InstaMojo": MyMemory returned source text
  de skip "Java": MyMemory returned source text
  de skip "JazzCash": MyMemory returned source text
  de skip "Joe Black (9000)": MyMemory returned source text
  de skip "Layout": MyMemory returned source text
  de skip "Link": MyMemory returned source text
  de skip "Logo": MyMemory returned source text
  de skip "Marketing": MyMemory returned source text
  de skip "material_pink": MyMemory returned source text
  de skip "MC": MyMemory returned source text
  de skip "Medium": MyMemory returned source text
  de skip "Midtrans": MyMemory returned source text
  de skip "Mobile App": MyMemory returned source text
  de skip "Mollie": MyMemory returned source text
  de skip "MOMO Pay": MyMemory returned source text
  de skip "MSG91": MyMemory returned source text
  de skip "Name": MyMemory returned source text
  de skip "Navigation": MyMemory returned source text
  de skip "Nexmo": MyMemory returned source text
  de skip "Normal": MyMemory returned source text
  de skip "November": MyMemory returned source text
  de skip "O-": MyMemory returned source text
  de skip "O+": MyMemory returned source text
  de skip "Offline": MyMemory returned source text
  de skip "Olivier Thomas": MyMemory returned source text
  de skip "Onepay": MyMemory returned source text
  de skip "Online": MyMemory returned source text
  de skip "Orange": MyMemory returned source text
  de skip "Parameter": MyMemory returned source text
