  fr skip "(170px X 184px)": MyMemory returned source text
  fr skip "(290px X 51px)": MyMemory returned source text
  fr skip "(1460px X 1080px)": MyMemory returned source text
  fr skip "(32px X 32px)": MyMemory returned source text
  fr skip "[assign_teacher]": MyMemory returned source text
  fr skip "[section]": MyMemory returned source text
  fr skip "&nbsp;": MyMemory returned source text
  fr skip "AB-": MyMemory returned source text
  fr skip "AB+": MyMemory returned source text
  fr skip "A+": MyMemory returned source text
  fr skip "Action": MyMemory returned source text
  fr skip "Agent": MyMemory returned source text
  fr skip "Aman": MyMemory returned source text
  fr skip "Arial": MyMemory returned source text
  fr skip "B+": MyMemory returned source text
  fr skip "Billplz": MyMemory returned source text
  fr skip "bold_blue": MyMemory returned source text
  fr skip "Caroline Thomas": MyMemory returned source text
  fr skip "Caste": MyMemory returned source text
  fr skip "CCAvenue": MyMemory returned source text
  fr skip "Code": MyMemory returned source text
  fr skip "col-md-": MyMemory returned source text
  fr skip "Compact": MyMemory returned source text
  fr skip "Date": MyMemory returned source text
  fr skip "Date *": Blocked response
  fr skip "David": MyMemory returned source text
  fr skip "Description": MyMemory returned source text
  fr skip "Destination": MyMemory returned source text
  fr skip "Division": MyMemory returned source text
  fr skip "Distance": MyMemory returned source text
  fr skip "Document": MyMemory returned source text
  fr skip "Europe (Paris) eu-west-3": MyMemory returned source text
  fr skip "Finance": MyMemory returned source text
  fr skip "Format": MyMemory returned source text
  fr skip "G1": MyMemory returned source text
  fr skip "Google Analytics": MyMemory returned source text
  fr skip "Google Plus": MyMemory returned source text
  fr skip "Grade": MyMemory returned source text
  fr skip "Horizontal": MyMemory returned source text
  fr skip "Img": MyMemory returned source text
  fr skip "Image": MyMemory returned source text
  fr skip "Incidents": MyMemory returned source text
  fr skip "InstaMojo": MyMemory returned source text
  fr skip "JazzCash": MyMemory returned source text
  fr skip "Latitude": MyMemory returned source text
  fr skip "Logo": MyMemory returned source text
  fr skip "Logo (369px X 76px)": MyMemory returned source text
  fr skip "Longitude": MyMemory returned source text
  fr skip "MC": MyMemory returned source text
  fr skip "Menus": MyMemory returned source text
  fr skip "Message": MyMemory returned source text
  fr skip "Messages": MyMemory returned source text
  fr skip "Midtrans": MyMemory returned source text
  fr skip "Modules": MyMemory returned source text
  fr skip "Mode": MyMemory returned source text
  fr skip "MSG91": MyMemory returned source text
  fr skip "Navigation": MyMemory returned source text
  fr skip "Nexmo": MyMemory returned source text
  fr skip "Notifications": MyMemory returned source text
  fr skip "O-": MyMemory returned source text
  fr skip "O+": MyMemory returned source text
  fr skip "Observation": MyMemory returned source text
  fr skip "Options (JSON)": MyMemory returned source text
  fr skip "Orange": MyMemory returned source text
  fr skip "Pages": MyMemory returned source text
  fr skip "Paypal": HTTP 429
  fr skip "Pesapal": HTTP 429
  fr skip "Photo": HTTP 429
  fr skip "Photo (100px X 100px)": HTTP 429
  fr skip "Portrait": HTTP 429
  fr skip "Principal": HTTP 429
  fr skip "Q. ID": HTTP 429
  fr skip "Qualification": HTTP 429
  fr skip "Question": HTTP 429
  fr skip "Questions": HTTP 429
  fr skip "Question:": HTTP 429
  fr skip "Religion": HTTP 429
  fr skip "SDA0009998": HTTP 429
  fr skip "sdsdsds": HTTP 429
  fr skip "Section": HTTP 429
  fr skip "Sections": HTTP 429
  fr skip "Session": HTTP 429
  fr skip "Session :": HTTP 429
  fr skip "SH": HTTP 429
  fr skip "Shivam Verma": HTTP 429
  fr skip "Signature": HTTP 429
  fr skip "Skrill": HTTP 429
  fr skip "Source": HTTP 429
  fr skip "Source:": HTTP 429
  fr skip "SSLCommerz": HTTP 429
  fr skip "Standard": HTTP 429
  fr skip "Swahili": HTTP 429
  fr skip "Times New Roman": HTTP 429
  fr skip "Total": HTTP 429
  fr skip "ToyyibPay": HTTP 429
  fr skip "Transport": HTTP 429
  fr skip "Twilio": HTTP 429
  fr skip "Unicode": HTTP 429
  fr skip "Validation": HTTP 429
  fr skip "VH4584": HTTP 429
  fr skip "Web": HTTP 429
  fr skip "WhatsApp": HTTP 429
  fr skip "X²": HTTP 429
  fr skip "X₂": HTTP 429
